// Jest Snapshot v1, https://goo.gl/fbAQLP

exports[`App renders 1`] = `
<ThemeProvider
  theme={
    Object {
      "colorGradientEnd": "#333",
      "colorGradientStart": "#333",
      "colorLink": "#333",
      "colorLinkHover": "#333",
    }
  }
>
  <Switch>
    <Route
      component={[Function]}
      path="/login"
    />
    <Route
      component={[Function]}
      path="/verify"
    />
    <Route
      component={[Function]}
    />
  </Switch>
</ThemeProvider>
`;
